// Jest Snapshot v1, https://goo.gl/fbAQLP

exports[`Component: Venue.vue Has the expected html structure 1`] = `
<div
  class="col-lg-4 col-md-4 col-sm-6"
>
  <div
    class="row venue-item shadow-lite"
  >
    <div
      class="col-md-4 col-4 full-height full-width p-0"
    >
      <img
        class="marker-image full-height full-width"
        src="../../assets/images/venue-marker.png"
      />
    </div>
     
    <div
      class="col-md-8 col-8 pt-30 venue-item-details"
    >
      <div
        class="mr-auto text-left"
      >
        <h6
          class="mb-1 mt-1"
        >
          <strong
            class="name"
          >
            
                        Mr. Purple
                    
          </strong>
        </h6>
         
        <h6
          class="text-sm text-muted address"
        >
          
                    180 Orchard St (btwn Houston & Stanton St)
                
        </h6>
         
        <label
          class="badge bg-custom simplebox text-white text-xs category"
        >
          <i
            class="fa fa-tags"
          />
           Hotel Bar
                
        </label>
      </div>
    </div>
  </div>
</div>
`;
