// Jest Snapshot v1, https://goo.gl/fbAQLP

exports[`Component: VenueList.vue Has the expected html structure 1`] = `
<div
  class="col-md-11 col-sm-12 mx-auto mt-30 pl-1"
>
  <a
    class="btn btn-sm btn-filter btn-outline-secondary d-sm-none mb-3"
    data-toggle="offcanvas"
  >
    <i
      class="fa fa-filter"
    />
     Filter
  </a>
   
  <h5
    class="ml-2"
  >
    <strong>
      Available Venues
    </strong>
  </h5>
   
  <div
    class="row p-0"
  >
    <!---->
  </div>
</div>
`;
